  [1m[35mSQL (0.4ms)[0m  [1m[35mSET search_path TO public /*application='AcmePayroll'*/[0m
  [1m[35m (214.1ms)[0m  [1m[35mCREATE DATABASE "acme_payroll_development" ENCODING = 'unicode' /*application='AcmePayroll'*/[0m
  [1m[35mSQL (0.2ms)[0m  [1m[35mSET search_path TO public /*application='AcmePayroll'*/[0m
  [1m[35m (67.4ms)[0m  [1m[35mCREATE DATABASE "acme_payroll_test" ENCODING = 'unicode' /*application='AcmePayroll'*/[0m
  [1m[35m (6.3ms)[0m  [1m[35mCREATE TABLE "schema_migrations" ("version" character varying NOT NULL PRIMARY KEY) /*application='AcmePayroll'*/[0m
  [1m[35m (7.9ms)[0m  [1m[35mCREATE TABLE "ar_internal_metadata" ("key" character varying NOT NULL PRIMARY KEY, "value" character varying, "created_at" timestamp(6) NOT NULL, "updated_at" timestamp(6) NOT NULL) /*application='AcmePayroll'*/[0m
  [1m[35m (0.5ms)[0m  [1m[34mSELECT pg_try_advisory_lock(4975920511910649840) /*application='AcmePayroll'*/[0m
  [1m[36mActiveRecord::SchemaMigration Load (0.5ms)[0m  [1m[34mSELECT "schema_migrations"."version" FROM "schema_migrations" ORDER BY "schema_migrations"."version" ASC /*application='AcmePayroll'*/[0m
  [1m[36mActiveRecord::InternalMetadata Load (0.7ms)[0m  [1m[34mSELECT * FROM "ar_internal_metadata" WHERE "ar_internal_metadata"."key" = 'environment' ORDER BY "ar_internal_metadata"."key" ASC LIMIT 1 /*application='AcmePayroll'*/[0m
  [1m[36mActiveRecord::InternalMetadata Create (1.4ms)[0m  [1m[32mINSERT INTO "ar_internal_metadata" ("key", "value", "created_at", "updated_at") VALUES ('environment', 'development', '2026-09-22 16:54:39.520656', '2026-09-22 16:54:39.520663') RETURNING "key" /*application='AcmePayroll'*/[0m
Migrating to CreateEmployees (20260922120000)
  [1m[36mTRANSACTION (0.1ms)[0m  [1m[35mBEGIN /*application='AcmePayroll'*/[0m
  [1m[35m (6.0ms)[0m  [1m[35mCREATE TABLE "employees" ("id" bigserial primary key, "name" character varying NOT NULL, "email" character varying NOT NULL, "job_title" character varying NOT NULL, "department" character varying NOT NULL, "country" character varying NOT NULL, "currency" character varying NOT NULL, "hire_date" date NOT NULL, "status" character varying DEFAULT 'active' NOT NULL, "created_at" timestamp(6) NOT NULL, "updated_at" timestamp(6) NOT NULL) /*application='AcmePayroll'*/[0m
  [1m[35m (2.1ms)[0m  [1m[35mCREATE UNIQUE INDEX "index_employees_on_email" ON "employees" ("email") /*application='AcmePayroll'*/[0m
  [1m[35m (2.1ms)[0m  [1m[35mCREATE INDEX "index_employees_on_department" ON "employees" ("department") /*application='AcmePayroll'*/[0m
  [1m[35m (2.6ms)[0m  [1m[35mCREATE INDEX "index_employees_on_country" ON "employees" ("country") /*application='AcmePayroll'*/[0m
  [1m[35m (3.0ms)[0m  [1m[35mCREATE INDEX "index_employees_on_status" ON "employees" ("status") /*application='AcmePayroll'*/[0m
  [1m[36mActiveRecord::SchemaMigration Create (0.3ms)[0m  [1m[32mINSERT INTO "schema_migrations" ("version") VALUES ('20260922120000') RETURNING "version" /*application='AcmePayroll'*/[0m
  [1m[36mTRANSACTION (1.0ms)[0m  [1m[35mCOMMIT /*application='AcmePayroll'*/[0m
Migrating to CreateSalaryRecords (20260922120100)
  [1m[36mTRANSACTION (0.1ms)[0m  [1m[35mBEGIN /*application='AcmePayroll'*/[0m
  [1m[35m (8.3ms)[0m  [1m[35mCREATE TABLE "salary_records" ("id" bigserial primary key, "employee_id" bigint NOT NULL, "amount" decimal(12,2) NOT NULL, "currency" character varying NOT NULL, "frequency" character varying NOT NULL, "effective_date" date NOT NULL, "created_at" timestamp(6) NOT NULL, "updated_at" timestamp(6) NOT NULL, CONSTRAINT "fk_rails_70945fae47"
FOREIGN KEY ("employee_id")
  REFERENCES "employees" ("id")
) /*application='AcmePayroll'*/[0m
  [1m[35m (4.1ms)[0m  [1m[35mCREATE INDEX "index_salary_records_on_employee_id" ON "salary_records" ("employee_id") /*application='AcmePayroll'*/[0m
  [1m[35m (2.6ms)[0m  [1m[35mCREATE INDEX "index_salary_records_on_employee_id_and_effective_date" ON "salary_records" ("employee_id", "effective_date") /*application='AcmePayroll'*/[0m
  [1m[36mActiveRecord::SchemaMigration Create (0.5ms)[0m  [1m[32mINSERT INTO "schema_migrations" ("version") VALUES ('20260922120100') RETURNING "version" /*application='AcmePayroll'*/[0m
  [1m[36mTRANSACTION (0.9ms)[0m  [1m[35mCOMMIT /*application='AcmePayroll'*/[0m
  [1m[35m (0.2ms)[0m  [1m[34mSELECT pg_advisory_unlock(4975920511910649840) /*application='AcmePayroll'*/[0m
  [1m[36mActiveRecord::SchemaMigration Load (0.8ms)[0m  [1m[34mSELECT "schema_migrations"."version" FROM "schema_migrations" ORDER BY "schema_migrations"."version" ASC /*application='AcmePayroll'*/[0m
  [1m[35mSQL (0.1ms)[0m  [1m[35mSET search_path TO public /*application='AcmePayroll'*/[0m
  [1m[35mSQL (0.1ms)[0m  [1m[35mSET search_path TO "$user", public /*application='AcmePayroll'*/[0m
  [1m[35mSQL (0.1ms)[0m  [1m[35mSET search_path TO public /*application='AcmePayroll'*/[0m
  [1m[35mSQL (0.2ms)[0m  [1m[35mSET search_path TO "$user", public /*application='AcmePayroll'*/[0m
  [1m[36mTRANSACTION (0.3ms)[0m  [1m[35mBEGIN /*application='AcmePayroll'*/[0m
  [1m[36mEmployee Exists? (5.6ms)[0m  [1m[34mSELECT 1 AS one FROM "employees" WHERE "employees"."email" = 't@acme.com' LIMIT 1 /*application='AcmePayroll'*/[0m
  [1m[36mEmployee Create (0.7ms)[0m  [1m[32mINSERT INTO "employees" ("name", "email", "job_title", "department", "country", "currency", "hire_date", "status", "created_at", "updated_at") VALUES ('T', 't@acme.com', 'X', 'D', 'IN', 'INR', '2026-09-22', 'active', '2026-09-22 16:56:34.320552', '2026-09-22 16:56:34.320552') RETURNING "id" /*application='AcmePayroll'*/[0m
  [1m[36mTRANSACTION (1.3ms)[0m  [1m[35mCOMMIT /*application='AcmePayroll'*/[0m
